src/components/features/notifications/NotificationDropdown.tsx(7,8): error TS1259: Module '"/Volumes/YBF_Storage/Projects/silver-fortnight/node_modules/@types/react/index"' can only be default-imported using the 'esModuleInterop' flag
src/components/features/notifications/NotificationDropdown.tsx(16,25): error TS6142: Module '../../../AuthContext' was resolved to '/Volumes/YBF_Storage/Projects/silver-fortnight/src/AuthContext.tsx', but '--jsx' is not set.
src/components/features/notifications/NotificationDropdown.tsx(17,24): error TS2307: Cannot find module '@utils/logging/logger' or its corresponding type declarations.
src/components/features/notifications/NotificationDropdown.tsx(108,16): error TS17004: Cannot use JSX unless the '--jsx' flag is provided.
src/components/features/notifications/NotificationDropdown.tsx(110,16): error TS17004: Cannot use JSX unless the '--jsx' flag is provided.
src/components/features/notifications/NotificationDropdown.tsx(112,16): error TS17004: Cannot use JSX unless the '--jsx' flag is provided.
src/components/features/notifications/NotificationDropdown.tsx(114,16): error TS17004: Cannot use JSX unless the '--jsx' flag is provided.
src/components/features/notifications/NotificationDropdown.tsx(116,16): error TS17004: Cannot use JSX unless the '--jsx' flag is provided.
src/components/features/notifications/NotificationDropdown.tsx(118,16): error TS17004: Cannot use JSX unless the '--jsx' flag is provided.
src/components/features/notifications/NotificationDropdown.tsx(202,5): error TS17004: Cannot use JSX unless the '--jsx' flag is provided.
src/components/features/notifications/NotificationDropdown.tsx(204,7): error TS17004: Cannot use JSX unless the '--jsx' flag is provided.
src/components/features/notifications/NotificationDropdown.tsx(208,9): error TS17004: Cannot use JSX unless the '--jsx' flag is provided.
src/components/features/notifications/NotificationDropdown.tsx(209,9): error TS17004: Cannot use JSX unless the '--jsx' flag is provided.
src/components/features/notifications/NotificationDropdown.tsx(213,11): error TS17004: Cannot use JSX unless the '--jsx' flag is provided.
src/components/features/notifications/NotificationDropdown.tsx(221,9): error TS17004: Cannot use JSX unless the '--jsx' flag is provided.
src/components/features/notifications/NotificationDropdown.tsx(230,11): error TS17004: Cannot use JSX unless the '--jsx' flag is provided.
src/components/features/notifications/NotificationDropdown.tsx(232,13): error TS17004: Cannot use JSX unless the '--jsx' flag is provided.
src/components/features/notifications/NotificationDropdown.tsx(233,15): error TS17004: Cannot use JSX unless the '--jsx' flag is provided.
src/components/features/notifications/NotificationDropdown.tsx(234,17): error TS17004: Cannot use JSX unless the '--jsx' flag is provided.
src/components/features/notifications/NotificationDropdown.tsx(236,19): error TS17004: Cannot use JSX unless the '--jsx' flag is provided.
src/components/features/notifications/NotificationDropdown.tsx(247,13): error TS17004: Cannot use JSX unless the '--jsx' flag is provided.
src/components/features/notifications/NotificationDropdown.tsx(249,17): error TS17004: Cannot use JSX unless the '--jsx' flag is provided.
src/components/features/notifications/NotificationDropdown.tsx(250,19): error TS17004: Cannot use JSX unless the '--jsx' flag is provided.
src/components/features/notifications/NotificationDropdown.tsx(251,19): error TS17004: Cannot use JSX unless the '--jsx' flag is provided.
src/components/features/notifications/NotificationDropdown.tsx(254,17): error TS17004: Cannot use JSX unless the '--jsx' flag is provided.
src/components/features/notifications/NotificationDropdown.tsx(255,19): error TS17004: Cannot use JSX unless the '--jsx' flag is provided.
src/components/features/notifications/NotificationDropdown.tsx(258,17): error TS17004: Cannot use JSX unless the '--jsx' flag is provided.
src/components/features/notifications/NotificationDropdown.tsx(260,21): error TS17004: Cannot use JSX unless the '--jsx' flag is provided.
src/components/features/notifications/NotificationDropdown.tsx(266,23): error TS17004: Cannot use JSX unless the '--jsx' flag is provided.
src/components/features/notifications/NotificationDropdown.tsx(267,25): error TS17004: Cannot use JSX unless the '--jsx' flag is provided.
src/components/features/notifications/NotificationDropdown.tsx(268,25): error TS17004: Cannot use JSX unless the '--jsx' flag is provided.
src/components/features/notifications/NotificationDropdown.tsx(269,27): error TS17004: Cannot use JSX unless the '--jsx' flag is provided.
src/components/features/notifications/NotificationDropdown.tsx(271,29): error TS17004: Cannot use JSX unless the '--jsx' flag is provided.
src/components/features/notifications/NotificationDropdown.tsx(274,25): error TS17004: Cannot use JSX unless the '--jsx' flag is provided.
src/components/features/notifications/NotificationDropdown.tsx(275,48): error TS17004: Cannot use JSX unless the '--jsx' flag is provided.
src/components/features/notifications/NotificationDropdown.tsx(284,13): error TS17004: Cannot use JSX unless the '--jsx' flag is provided.
src/components/features/notifications/NotificationDropdown.tsx(285,15): error TS17004: Cannot use JSX unless the '--jsx' flag is provided.
src/config/env.ts(36,10): error TS1343: The 'import.meta' meta-property is only allowed when the '--module' option is 'es2020', 'es2022', 'esnext', 'system', 'node16', 'node18', 'node20', or 'nodenext'.
src/config/env.ts(36,22): error TS2339: Property 'env' does not exist on type 'ImportMeta'.
src/firebase-config.ts(17,24): error TS2307: Cannot find module '@utils/logging/logger' or its corresponding type declarations.
src/firebase-config.ts(63,36): error TS1343: The 'import.meta' meta-property is only allowed when the '--module' option is 'es2020', 'es2022', 'esnext', 'system', 'node16', 'node18', 'node20', or 'nodenext'.
src/firebase-config.ts(63,67): error TS1343: The 'import.meta' meta-property is only allowed when the '--module' option is 'es2020', 'es2022', 'esnext', 'system', 'node16', 'node18', 'node20', or 'nodenext'.
src/firebase-config.ts(63,79): error TS2339: Property 'env' does not exist on type 'ImportMeta'.
src/firebase-config.ts(79,26): error TS1343: The 'import.meta' meta-property is only allowed when the '--module' option is 'es2020', 'es2022', 'esnext', 'system', 'node16', 'node18', 'node20', or 'nodenext'.
src/firebase-config.ts(79,57): error TS1343: The 'import.meta' meta-property is only allowed when the '--module' option is 'es2020', 'es2022', 'esnext', 'system', 'node16', 'node18', 'node20', or 'nodenext'.
src/firebase-config.ts(79,69): error TS2339: Property 'env' does not exist on type 'ImportMeta'.
src/firebase-config.ts(80,16): error TS1343: The 'import.meta' meta-property is only allowed when the '--module' option is 'es2020', 'es2022', 'esnext', 'system', 'node16', 'node18', 'node20', or 'nodenext'.
src/firebase-config.ts(80,28): error TS2339: Property 'env' does not exist on type 'ImportMeta'.
src/services/chat/chatService.ts(33,24): error TS2307: Cannot find module '@utils/logging/logger' or its corresponding type declarations.
src/services/firestore.ts(61,24): error TS2307: Cannot find module '@utils/logging/logger' or its corresponding type declarations.
src/services/notifications/notificationService.ts(20,24): error TS2307: Cannot find module '@utils/logging/logger' or its corresponding type declarations.
src/services/notifications/unifiedNotificationService.ts(3,24): error TS2307: Cannot find module '@utils/logging/logger' or its corresponding type declarations.
src/utils/imageUtils.ts(1,24): error TS2307: Cannot find module '@utils/logging/logger' or its corresponding type declarations.
src/utils/imageUtils.ts(130,71): error TS2352: Conversion of type '{ status: number; statusText: string; error: any; preset: string; cloudName: string; }' to type 'Error' may be a mistake because neither type sufficiently overlaps with the other. If this was intentional, convert the expression to 'unknown' first.
  Type '{ status: number; statusText: string; error: any; preset: string; cloudName: string; }' is missing the following properties from type 'Error': name, message
